2026-07-27 03:10:51,385 INFO o.a.j.u.JMeterUtils: Setting Locale to en_EN
2026-07-27 03:10:51,402 INFO o.a.j.JMeter: Loading user properties from: /nix/store/05m5vzh72sdrv5ibdp64ybjnl6h1459j-jmeter-5.6.3/bin/user.properties
2026-07-27 03:10:51,402 INFO o.a.j.JMeter: Loading system properties from: /nix/store/05m5vzh72sdrv5ibdp64ybjnl6h1459j-jmeter-5.6.3/bin/system.properties
2026-07-27 03:10:51,402 INFO o.a.j.JMeter: Setting JMeter property: host=api.vieface.io.vn
2026-07-27 03:10:51,402 INFO o.a.j.JMeter: Setting JMeter property: port=443
2026-07-27 03:10:51,402 INFO o.a.j.JMeter: Setting JMeter property: protocol=https
2026-07-27 03:10:51,403 INFO o.a.j.JMeter: Setting JMeter property: threads=150
2026-07-27 03:10:51,403 INFO o.a.j.JMeter: Setting JMeter property: rampup=75
2026-07-27 03:10:51,403 INFO o.a.j.JMeter: Setting JMeter property: loops=15
2026-07-27 03:10:51,408 INFO o.a.j.JMeter: Copyright (c) 1998-2024 The Apache Software Foundation
2026-07-27 03:10:51,408 INFO o.a.j.JMeter: Version 5.6.3-SNAPSHOTnull
2026-07-27 03:10:51,408 INFO o.a.j.JMeter: java.version=21.0.12
2026-07-27 03:10:51,409 INFO o.a.j.JMeter: java.vm.name=OpenJDK 64-Bit Server VM
2026-07-27 03:10:51,409 INFO o.a.j.JMeter: os.name=Linux
2026-07-27 03:10:51,409 INFO o.a.j.JMeter: os.arch=amd64
2026-07-27 03:10:51,409 INFO o.a.j.JMeter: os.version=7.0.10-zen1
2026-07-27 03:10:51,409 INFO o.a.j.JMeter: file.encoding=UTF-8
2026-07-27 03:10:51,409 INFO o.a.j.JMeter: java.awt.headless=true
2026-07-27 03:10:51,409 INFO o.a.j.JMeter: Max memory     =1073741824
2026-07-27 03:10:51,409 INFO o.a.j.JMeter: Available Processors =4
2026-07-27 03:10:51,424 INFO o.a.j.JMeter: Default Locale=English (EN)
2026-07-27 03:10:51,425 INFO o.a.j.JMeter: JMeter  Locale=English (EN)
2026-07-27 03:10:51,425 INFO o.a.j.JMeter: JMeterHome=/nix/store/05m5vzh72sdrv5ibdp64ybjnl6h1459j-jmeter-5.6.3
2026-07-27 03:10:51,425 INFO o.a.j.JMeter: user.dir  =/home/mikejohnp/Projects/FinalGraduateProject/dev/FinalGraduateBackend/bench
2026-07-27 03:10:51,425 INFO o.a.j.JMeter: PWD       =/home/mikejohnp/Projects/FinalGraduateProject/dev/FinalGraduateBackend/bench
2026-07-27 03:10:51,426 INFO o.a.j.JMeter: IP: 127.0.0.2 Name: nixos-btw FullName: nixos-btw
2026-07-27 03:10:51,437 INFO o.a.j.JMeter: Setting property 'jmeter.reportgenerator.outputdir' to:'/home/mikejohnp/Projects/FinalGraduateProject/dev/FinalGraduateBackend/bench/results/stress_20260727_100023/step_150_users/html_report'
2026-07-27 03:10:51,439 INFO o.a.j.s.FileServer: Default base='/home/mikejohnp/Projects/FinalGraduateProject/dev/FinalGraduateBackend/bench'
2026-07-27 03:10:51,441 INFO o.a.j.s.FileServer: Set new base='/home/mikejohnp/Projects/FinalGraduateProject/dev/FinalGraduateBackend/bench'
2026-07-27 03:10:51,614 INFO o.a.j.s.SaveService: Testplan (JMX) version: 2.2. Testlog (JTL) version: 2.2
2026-07-27 03:10:51,646 INFO o.a.j.s.SaveService: Using SaveService properties version 5.0
2026-07-27 03:10:51,650 INFO o.a.j.s.SaveService: Using SaveService properties file encoding UTF-8
2026-07-27 03:10:51,653 INFO o.a.j.s.SaveService: Loading file: vieface-load-test.jmx
2026-07-27 03:10:51,676 INFO o.a.j.p.h.c.CookieManager: Settings: Delete null: true Check: true Allow variable: true Save: false Prefix: COOKIE_
2026-07-27 03:10:51,694 INFO o.a.j.p.h.s.HTTPSamplerBase: Parser for text/html is org.apache.jmeter.protocol.http.parser.LagartoBasedHtmlParser
2026-07-27 03:10:51,694 INFO o.a.j.p.h.s.HTTPSamplerBase: Parser for application/xhtml+xml is org.apache.jmeter.protocol.http.parser.LagartoBasedHtmlParser
2026-07-27 03:10:51,695 INFO o.a.j.p.h.s.HTTPSamplerBase: Parser for application/xml is org.apache.jmeter.protocol.http.parser.LagartoBasedHtmlParser
2026-07-27 03:10:51,695 INFO o.a.j.p.h.s.HTTPSamplerBase: Parser for text/xml is org.apache.jmeter.protocol.http.parser.LagartoBasedHtmlParser
2026-07-27 03:10:51,695 INFO o.a.j.p.h.s.HTTPSamplerBase: Parser for text/vnd.wap.wml is org.apache.jmeter.protocol.http.parser.RegexpHTMLParser
2026-07-27 03:10:51,695 INFO o.a.j.p.h.s.HTTPSamplerBase: Parser for text/css is org.apache.jmeter.protocol.http.parser.CssParser
2026-07-27 03:10:51,750 INFO o.a.j.JMeter: Creating summariser <summary>
2026-07-27 03:10:51,752 INFO o.a.j.r.d.ReportGenerator: ReportGenerator will use for Parsing the separator: ','
2026-07-27 03:10:51,753 INFO o.a.j.r.d.ReportGenerator: Will generate report at end of test from  results file: results/stress_20260727_100023/step_150_users/results.jtl
2026-07-27 03:10:51,753 INFO o.a.j.r.d.ReportGenerator: Reading report generator properties from: /nix/store/05m5vzh72sdrv5ibdp64ybjnl6h1459j-jmeter-5.6.3/bin/reportgenerator.properties
2026-07-27 03:10:51,753 INFO o.a.j.r.d.ReportGenerator: Merging with JMeter properties
2026-07-27 03:10:51,755 INFO o.a.j.r.c.ReportGeneratorConfiguration: Property 'jmeter.reportgenerator.temp_dir' not found, using default value 'temp' instead.
2026-07-27 03:10:51,757 INFO o.a.j.r.c.ReportGeneratorConfiguration: Property 'jmeter.reportgenerator.apdex_per_transaction' not found, using default value 'null' instead.
2026-07-27 03:10:51,757 INFO o.a.j.r.c.ReportGeneratorConfiguration: apdex_per_transaction is empty, not APDEX per transaction customization
2026-07-27 03:10:51,757 INFO o.a.j.r.c.ReportGeneratorConfiguration: Property 'jmeter.reportgenerator.sample_filter' not found, using default value 'null' instead.
2026-07-27 03:10:51,757 INFO o.a.j.r.c.ReportGeneratorConfiguration: Property 'jmeter.reportgenerator.report_title' not found, using default value 'null' instead.
2026-07-27 03:10:51,757 INFO o.a.j.r.c.ReportGeneratorConfiguration: Property 'jmeter.reportgenerator.start_date' not found, using default value 'null' instead.
2026-07-27 03:10:51,757 INFO o.a.j.r.c.ReportGeneratorConfiguration: Property 'jmeter.reportgenerator.end_date' not found, using default value 'null' instead.
2026-07-27 03:10:51,757 INFO o.a.j.r.c.ReportGeneratorConfiguration: Property 'jmeter.reportgenerator.date_format' not found, using default value 'null' instead.
2026-07-27 03:10:51,758 INFO o.a.j.r.c.ReportGeneratorConfiguration: Will use date range start date: null, end date: null
2026-07-27 03:10:51,760 INFO o.a.j.r.c.ReportGeneratorConfiguration: Property 'jmeter.reportgenerator.graph.totalTPS.exclude_controllers' not found, using default value 'false' instead.
2026-07-27 03:10:51,760 INFO o.a.j.r.c.ReportGeneratorConfiguration: Property 'jmeter.reportgenerator.graph.activeThreadsOverTime.exclude_controllers' not found, using default value 'false' instead.
2026-07-27 03:10:51,761 INFO o.a.j.r.c.ReportGeneratorConfiguration: Property 'jmeter.reportgenerator.graph.timeVsThreads.exclude_controllers' not found, using default value 'false' instead.
2026-07-27 03:10:51,761 INFO o.a.j.r.c.ReportGeneratorConfiguration: Property 'jmeter.reportgenerator.graph.responseTimeDistribution.exclude_controllers' not found, using default value 'false' instead.
2026-07-27 03:10:51,761 INFO o.a.j.r.c.ReportGeneratorConfiguration: Property 'jmeter.reportgenerator.graph.transactionsPerSecond.exclude_controllers' not found, using default value 'false' instead.
2026-07-27 03:10:51,761 INFO o.a.j.r.c.ReportGeneratorConfiguration: Property 'jmeter.reportgenerator.graph.responseTimePercentiles.exclude_controllers' not found, using default value 'false' instead.
2026-07-27 03:10:51,761 INFO o.a.j.r.c.ReportGeneratorConfiguration: Property 'jmeter.reportgenerator.graph.responseTimePercentilesOverTime.exclude_controllers' not found, using default value 'false' instead.
2026-07-27 03:10:51,761 INFO o.a.j.r.c.ReportGeneratorConfiguration: Property 'jmeter.reportgenerator.graph.responseTimesOverTime.exclude_controllers' not found, using default value 'false' instead.
2026-07-27 03:10:51,761 INFO o.a.j.r.c.ReportGeneratorConfiguration: Property 'jmeter.reportgenerator.graph.connectTimeOverTime.exclude_controllers' not found, using default value 'false' instead.
2026-07-27 03:10:51,761 INFO o.a.j.r.c.ReportGeneratorConfiguration: Property 'jmeter.reportgenerator.graph.latenciesOverTime.exclude_controllers' not found, using default value 'false' instead.
2026-07-27 03:10:51,762 INFO o.a.j.r.c.ReportGeneratorConfiguration: Property 'jmeter.reportgenerator.exporter.json.filters_only_sample_series' not found, using default value 'true' instead.
2026-07-27 03:10:51,762 INFO o.a.j.r.c.ReportGeneratorConfiguration: Property 'jmeter.reportgenerator.exporter.json.series_filter' not found, using default value '' instead.
2026-07-27 03:10:51,762 INFO o.a.j.r.c.ReportGeneratorConfiguration: Property 'jmeter.reportgenerator.exporter.json.show_controllers_only' not found, using default value 'false' instead.
2026-07-27 03:10:51,762 INFO o.a.j.r.c.ReportGeneratorConfiguration: Property 'jmeter.reportgenerator.exporter.html.filters_only_sample_series' not found, using default value 'true' instead.
2026-07-27 03:10:51,762 INFO o.a.j.r.c.ReportGeneratorConfiguration: Property 'jmeter.reportgenerator.exporter.html.series_filter' not found, using default value '' instead.
2026-07-27 03:10:51,762 INFO o.a.j.r.c.ReportGeneratorConfiguration: Property 'jmeter.reportgenerator.exporter.html.show_controllers_only' not found, using default value 'false' instead.
2026-07-27 03:10:51,774 INFO o.a.j.e.StandardJMeterEngine: Running the test!
2026-07-27 03:10:51,775 INFO o.a.j.s.SampleEvent: List of sample_variables: []
2026-07-27 03:10:51,775 INFO o.a.j.s.SampleEvent: List of sample_variables: []
2026-07-27 03:10:51,779 INFO o.a.j.e.u.CompoundVariable: Note: Function class names must contain the string: '.functions.'
2026-07-27 03:10:51,780 INFO o.a.j.e.u.CompoundVariable: Note: Function class names must not contain the string: '.gui.'
2026-07-27 03:10:52,000 INFO o.a.j.JMeter: Running test (1785121852000)
2026-07-27 03:10:52,003 INFO o.a.j.e.StandardJMeterEngine: Starting setUp thread groups
2026-07-27 03:10:52,003 INFO o.a.j.e.StandardJMeterEngine: Starting setUp ThreadGroup: 1 : setUp: Auth Flow 
2026-07-27 03:10:52,003 INFO o.a.j.e.StandardJMeterEngine: Starting 1 threads for group setUp: Auth Flow.
2026-07-27 03:10:52,003 INFO o.a.j.e.StandardJMeterEngine: Test will stop on error
2026-07-27 03:10:52,004 INFO o.a.j.t.ThreadGroup: Starting thread group... number=1 threads=1 ramp-up=1 delayedStart=false
2026-07-27 03:10:52,013 INFO o.a.j.t.ThreadGroup: Started thread group number 1
2026-07-27 03:10:52,013 INFO o.a.j.e.StandardJMeterEngine: Waiting for all setup thread groups to exit
2026-07-27 03:10:52,031 INFO o.a.j.t.JMeterThread: Thread started: setUp: Auth Flow 1-1
2026-07-27 03:10:52,034 INFO o.a.j.s.FileServer: Stored: data/users.csv
2026-07-27 03:10:52,052 INFO o.a.j.p.h.s.HTTPHCAbstractImpl: Local host = nixos-btw
2026-07-27 03:10:52,055 INFO o.a.j.p.h.s.HTTPHC4Impl: HTTP request retry count = 0
2026-07-27 03:10:52,056 INFO o.a.j.s.SampleResult: Note: Sample TimeStamps are START times
2026-07-27 03:10:52,056 INFO o.a.j.s.SampleResult: sampleresult.default.encoding is set to UTF-8
2026-07-27 03:10:52,056 INFO o.a.j.s.SampleResult: sampleresult.useNanoTime=true
2026-07-27 03:10:52,056 INFO o.a.j.s.SampleResult: sampleresult.nanoThreadSleep=5000
2026-07-27 03:10:52,112 INFO o.a.j.p.h.s.h.LazyLayeredConnectionSocketFactory: Setting up HTTPS TrustAll Socket Factory
2026-07-27 03:10:52,118 INFO o.a.j.u.JsseSSLManager: Using default SSL protocol: TLS
2026-07-27 03:10:52,118 INFO o.a.j.u.JsseSSLManager: SSL session context: per-thread
2026-07-27 03:10:53,261 INFO o.a.j.u.SSLManager: JmeterKeyStore Location:  type JKS
2026-07-27 03:10:53,263 INFO o.a.j.u.SSLManager: KeyStore created OK
2026-07-27 03:10:53,263 WARN o.a.j.u.SSLManager: Keystore file not found, loading empty keystore
2026-07-27 03:10:54,713 INFO o.a.j.u.BeanShellTestElement: Successfully obtained JWT Token and UserID: 2
2026-07-27 03:10:54,793 INFO o.a.j.t.JMeterThread: Thread is done: setUp: Auth Flow 1-1
2026-07-27 03:10:54,793 INFO o.a.j.t.JMeterThread: Thread finished: setUp: Auth Flow 1-1
2026-07-27 03:10:54,795 INFO o.a.j.e.StandardJMeterEngine: All Setup Threads have ended
2026-07-27 03:10:54,821 INFO o.a.j.e.StandardJMeterEngine: Starting ThreadGroup: 1 : Main Workload: User Activity & Operations
2026-07-27 03:10:54,821 INFO o.a.j.e.StandardJMeterEngine: Starting 150 threads for group Main Workload: User Activity & Operations.
2026-07-27 03:10:54,821 INFO o.a.j.e.StandardJMeterEngine: Thread will continue on error
2026-07-27 03:10:54,821 INFO o.a.j.t.ThreadGroup: Starting thread group... number=1 threads=150 ramp-up=75 delayedStart=false
2026-07-27 03:10:54,824 INFO o.a.j.t.JMeterThread: Thread started: Main Workload: User Activity & Operations 1-1
2026-07-27 03:10:55,001 INFO o.a.j.t.ThreadGroup: Started thread group number 1
2026-07-27 03:10:55,002 INFO o.a.j.e.StandardJMeterEngine: All thread groups have been started
2026-07-27 03:10:55,325 INFO o.a.j.t.JMeterThread: Thread started: Main Workload: User Activity & Operations 1-2
2026-07-27 03:10:55,778 INFO o.a.j.s.FileServer: Stored: data/comment-contents.csv
2026-07-27 03:10:55,779 INFO o.a.j.s.FileServer: Stored: data/post-contents.csv
2026-07-27 03:10:55,826 INFO o.a.j.t.JMeterThread: Thread started: Main Workload: User Activity & Operations 1-3
2026-07-27 03:10:56,325 INFO o.a.j.t.JMeterThread: Thread started: Main Workload: User Activity & Operations 1-4
2026-07-27 03:10:56,825 INFO o.a.j.t.JMeterThread: Thread started: Main Workload: User Activity & Operations 1-5
2026-07-27 03:10:57,331 INFO o.a.j.t.JMeterThread: Thread started: Main Workload: User Activity & Operations 1-6
2026-07-27 03:10:57,824 INFO o.a.j.t.JMeterThread: Thread started: Main Workload: User Activity & Operations 1-7
2026-07-27 03:10:58,325 INFO o.a.j.t.JMeterThread: Thread started: Main Workload: User Activity & Operations 1-8
2026-07-27 03:10:58,827 INFO o.a.j.t.JMeterThread: Thread started: Main Workload: User Activity & Operations 1-9
2026-07-27 03:10:59,326 INFO o.a.j.t.JMeterThread: Thread started: Main Workload: User Activity & Operations 1-10
2026-07-27 03:10:59,827 INFO o.a.j.t.JMeterThread: Thread started: Main Workload: User Activity & Operations 1-11
2026-07-27 03:11:00,081 INFO o.a.j.r.Summariser: summary +     68 in 00:00:08 =    8.4/s Avg:   154 Min:    70 Max:  2596 Err:     0 (0.00%) Active: 11 Started: 11 Finished: 0
2026-07-27 03:11:00,324 INFO o.a.j.t.JMeterThread: Thread started: Main Workload: User Activity & Operations 1-12
2026-07-27 03:11:00,824 INFO o.a.j.t.JMeterThread: Thread started: Main Workload: User Activity & Operations 1-13
2026-07-27 03:11:01,325 INFO o.a.j.t.JMeterThread: Thread started: Main Workload: User Activity & Operations 1-14
2026-07-27 03:11:01,828 INFO o.a.j.t.JMeterThread: Thread started: Main Workload: User Activity & Operations 1-15
2026-07-27 03:11:02,326 INFO o.a.j.t.JMeterThread: Thread started: Main Workload: User Activity & Operations 1-16
2026-07-27 03:11:02,825 INFO o.a.j.t.JMeterThread: Thread started: Main Workload: User Activity & Operations 1-17
2026-07-27 03:11:03,326 INFO o.a.j.t.JMeterThread: Thread started: Main Workload: User Activity & Operations 1-18
2026-07-27 03:11:03,824 INFO o.a.j.t.JMeterThread: Thread started: Main Workload: User Activity & Operations 1-19
2026-07-27 03:11:04,325 INFO o.a.j.t.JMeterThread: Thread started: Main Workload: User Activity & Operations 1-20
2026-07-27 03:11:04,824 INFO o.a.j.t.JMeterThread: Thread started: Main Workload: User Activity & Operations 1-21
2026-07-27 03:11:05,324 INFO o.a.j.t.JMeterThread: Thread started: Main Workload: User Activity & Operations 1-22
2026-07-27 03:11:05,824 INFO o.a.j.t.JMeterThread: Thread started: Main Workload: User Activity & Operations 1-23
2026-07-27 03:11:06,325 INFO o.a.j.t.JMeterThread: Thread started: Main Workload: User Activity & Operations 1-24
2026-07-27 03:11:06,824 INFO o.a.j.t.JMeterThread: Thread started: Main Workload: User Activity & Operations 1-25
2026-07-27 03:11:07,325 INFO o.a.j.t.JMeterThread: Thread started: Main Workload: User Activity & Operations 1-26
2026-07-27 03:11:07,826 INFO o.a.j.t.JMeterThread: Thread started: Main Workload: User Activity & Operations 1-27
2026-07-27 03:11:08,324 INFO o.a.j.t.JMeterThread: Thread started: Main Workload: User Activity & Operations 1-28
2026-07-27 03:11:08,824 INFO o.a.j.t.JMeterThread: Thread started: Main Workload: User Activity & Operations 1-29
2026-07-27 03:11:09,323 INFO o.a.j.t.JMeterThread: Thread started: Main Workload: User Activity & Operations 1-30
2026-07-27 03:11:09,823 INFO o.a.j.t.JMeterThread: Thread started: Main Workload: User Activity & Operations 1-31
2026-07-27 03:11:10,325 INFO o.a.j.t.JMeterThread: Thread started: Main Workload: User Activity & Operations 1-32
2026-07-27 03:11:10,823 INFO o.a.j.t.JMeterThread: Thread started: Main Workload: User Activity & Operations 1-33
2026-07-27 03:11:11,325 INFO o.a.j.t.JMeterThread: Thread started: Main Workload: User Activity & Operations 1-34
2026-07-27 03:11:11,825 INFO o.a.j.t.JMeterThread: Thread started: Main Workload: User Activity & Operations 1-35
2026-07-27 03:11:12,324 INFO o.a.j.t.JMeterThread: Thread started: Main Workload: User Activity & Operations 1-36
2026-07-27 03:11:12,825 INFO o.a.j.t.JMeterThread: Thread started: Main Workload: User Activity & Operations 1-37
2026-07-27 03:11:13,325 INFO o.a.j.t.JMeterThread: Thread started: Main Workload: User Activity & Operations 1-38
2026-07-27 03:11:13,824 INFO o.a.j.t.JMeterThread: Thread started: Main Workload: User Activity & Operations 1-39
2026-07-27 03:11:14,323 INFO o.a.j.t.JMeterThread: Thread started: Main Workload: User Activity & Operations 1-40
2026-07-27 03:11:14,824 INFO o.a.j.t.JMeterThread: Thread started: Main Workload: User Activity & Operations 1-41
2026-07-27 03:11:15,324 INFO o.a.j.t.JMeterThread: Thread started: Main Workload: User Activity & Operations 1-42
2026-07-27 03:11:15,824 INFO o.a.j.t.JMeterThread: Thread started: Main Workload: User Activity & Operations 1-43
2026-07-27 03:11:16,326 INFO o.a.j.t.JMeterThread: Thread started: Main Workload: User Activity & Operations 1-44
2026-07-27 03:11:16,824 INFO o.a.j.t.JMeterThread: Thread started: Main Workload: User Activity & Operations 1-45
2026-07-27 03:11:17,325 INFO o.a.j.t.JMeterThread: Thread started: Main Workload: User Activity & Operations 1-46
2026-07-27 03:11:17,825 INFO o.a.j.t.JMeterThread: Thread started: Main Workload: User Activity & Operations 1-47
2026-07-27 03:11:18,325 INFO o.a.j.t.JMeterThread: Thread started: Main Workload: User Activity & Operations 1-48
2026-07-27 03:11:18,825 INFO o.a.j.t.JMeterThread: Thread started: Main Workload: User Activity & Operations 1-49
2026-07-27 03:11:19,324 INFO o.a.j.t.JMeterThread: Thread started: Main Workload: User Activity & Operations 1-50
2026-07-27 03:11:19,824 INFO o.a.j.t.JMeterThread: Thread started: Main Workload: User Activity & Operations 1-51
2026-07-27 03:11:20,325 INFO o.a.j.t.JMeterThread: Thread started: Main Workload: User Activity & Operations 1-52
2026-07-27 03:11:20,823 INFO o.a.j.t.JMeterThread: Thread started: Main Workload: User Activity & Operations 1-53
2026-07-27 03:11:21,323 INFO o.a.j.t.JMeterThread: Thread started: Main Workload: User Activity & Operations 1-54
2026-07-27 03:11:21,824 INFO o.a.j.t.JMeterThread: Thread started: Main Workload: User Activity & Operations 1-55
2026-07-27 03:11:22,324 INFO o.a.j.t.JMeterThread: Thread started: Main Workload: User Activity & Operations 1-56
2026-07-27 03:11:22,834 INFO o.a.j.t.JMeterThread: Thread started: Main Workload: User Activity & Operations 1-57
2026-07-27 03:11:23,324 INFO o.a.j.t.JMeterThread: Thread started: Main Workload: User Activity & Operations 1-58
2026-07-27 03:11:23,824 INFO o.a.j.t.JMeterThread: Thread started: Main Workload: User Activity & Operations 1-59
2026-07-27 03:11:24,323 INFO o.a.j.t.JMeterThread: Thread started: Main Workload: User Activity & Operations 1-60
2026-07-27 03:11:24,823 INFO o.a.j.t.JMeterThread: Thread started: Main Workload: User Activity & Operations 1-61
2026-07-27 03:11:25,324 INFO o.a.j.t.JMeterThread: Thread started: Main Workload: User Activity & Operations 1-62
2026-07-27 03:11:25,823 INFO o.a.j.t.JMeterThread: Thread started: Main Workload: User Activity & Operations 1-63
2026-07-27 03:11:26,327 INFO o.a.j.t.JMeterThread: Thread started: Main Workload: User Activity & Operations 1-64
2026-07-27 03:11:26,824 INFO o.a.j.t.JMeterThread: Thread started: Main Workload: User Activity & Operations 1-65
2026-07-27 03:11:27,326 INFO o.a.j.t.JMeterThread: Thread started: Main Workload: User Activity & Operations 1-66
2026-07-27 03:11:27,824 INFO o.a.j.t.JMeterThread: Thread started: Main Workload: User Activity & Operations 1-67
2026-07-27 03:11:28,324 INFO o.a.j.t.JMeterThread: Thread started: Main Workload: User Activity & Operations 1-68
2026-07-27 03:11:28,823 INFO o.a.j.t.JMeterThread: Thread started: Main Workload: User Activity & Operations 1-69
2026-07-27 03:11:29,323 INFO o.a.j.t.JMeterThread: Thread started: Main Workload: User Activity & Operations 1-70
2026-07-27 03:11:29,825 INFO o.a.j.t.JMeterThread: Thread started: Main Workload: User Activity & Operations 1-71
2026-07-27 03:11:30,015 INFO o.a.j.r.Summariser: summary +   2822 in 00:00:30 =   94.3/s Avg:   125 Min:    61 Max:   540 Err:     0 (0.00%) Active: 71 Started: 71 Finished: 0
2026-07-27 03:11:30,016 INFO o.a.j.r.Summariser: summary =   2890 in 00:00:38 =   76.0/s Avg:   126 Min:    61 Max:  2596 Err:     0 (0.00%)
2026-07-27 03:11:30,325 INFO o.a.j.t.JMeterThread: Thread started: Main Workload: User Activity & Operations 1-72
2026-07-27 03:11:30,823 INFO o.a.j.t.JMeterThread: Thread started: Main Workload: User Activity & Operations 1-73
2026-07-27 03:11:31,324 INFO o.a.j.t.JMeterThread: Thread started: Main Workload: User Activity & Operations 1-74
2026-07-27 03:11:31,824 INFO o.a.j.t.JMeterThread: Thread started: Main Workload: User Activity & Operations 1-75
2026-07-27 03:11:32,324 INFO o.a.j.t.JMeterThread: Thread started: Main Workload: User Activity & Operations 1-76
2026-07-27 03:11:32,823 INFO o.a.j.t.JMeterThread: Thread started: Main Workload: User Activity & Operations 1-77
2026-07-27 03:11:33,324 INFO o.a.j.t.JMeterThread: Thread started: Main Workload: User Activity & Operations 1-78
2026-07-27 03:11:33,824 INFO o.a.j.t.JMeterThread: Thread started: Main Workload: User Activity & Operations 1-79
2026-07-27 03:11:34,324 INFO o.a.j.t.JMeterThread: Thread started: Main Workload: User Activity & Operations 1-80
2026-07-27 03:11:34,824 INFO o.a.j.t.JMeterThread: Thread started: Main Workload: User Activity & Operations 1-81
2026-07-27 03:11:35,325 INFO o.a.j.t.JMeterThread: Thread started: Main Workload: User Activity & Operations 1-82
2026-07-27 03:11:35,823 INFO o.a.j.t.JMeterThread: Thread started: Main Workload: User Activity & Operations 1-83
2026-07-27 03:11:36,323 INFO o.a.j.t.JMeterThread: Thread started: Main Workload: User Activity & Operations 1-84
2026-07-27 03:11:36,824 INFO o.a.j.t.JMeterThread: Thread started: Main Workload: User Activity & Operations 1-85
2026-07-27 03:11:37,323 INFO o.a.j.t.JMeterThread: Thread started: Main Workload: User Activity & Operations 1-86
2026-07-27 03:11:37,824 INFO o.a.j.t.JMeterThread: Thread started: Main Workload: User Activity & Operations 1-87
2026-07-27 03:11:38,324 INFO o.a.j.t.JMeterThread: Thread started: Main Workload: User Activity & Operations 1-88
2026-07-27 03:11:38,824 INFO o.a.j.t.JMeterThread: Thread started: Main Workload: User Activity & Operations 1-89
2026-07-27 03:11:39,324 INFO o.a.j.t.JMeterThread: Thread started: Main Workload: User Activity & Operations 1-90
2026-07-27 03:11:39,823 INFO o.a.j.t.JMeterThread: Thread started: Main Workload: User Activity & Operations 1-91
2026-07-27 03:11:40,323 INFO o.a.j.t.JMeterThread: Thread started: Main Workload: User Activity & Operations 1-92
2026-07-27 03:11:40,823 INFO o.a.j.t.JMeterThread: Thread started: Main Workload: User Activity & Operations 1-93
2026-07-27 03:11:41,323 INFO o.a.j.t.JMeterThread: Thread started: Main Workload: User Activity & Operations 1-94
2026-07-27 03:11:41,824 INFO o.a.j.t.JMeterThread: Thread started: Main Workload: User Activity & Operations 1-95
2026-07-27 03:11:42,323 INFO o.a.j.t.JMeterThread: Thread started: Main Workload: User Activity & Operations 1-96
2026-07-27 03:11:42,823 INFO o.a.j.t.JMeterThread: Thread started: Main Workload: User Activity & Operations 1-97
2026-07-27 03:11:43,323 INFO o.a.j.t.JMeterThread: Thread started: Main Workload: User Activity & Operations 1-98
2026-07-27 03:11:43,823 INFO o.a.j.t.JMeterThread: Thread started: Main Workload: User Activity & Operations 1-99
2026-07-27 03:11:44,323 INFO o.a.j.t.JMeterThread: Thread started: Main Workload: User Activity & Operations 1-100
2026-07-27 03:11:44,822 INFO o.a.j.t.JMeterThread: Thread started: Main Workload: User Activity & Operations 1-101
2026-07-27 03:11:45,324 INFO o.a.j.t.JMeterThread: Thread started: Main Workload: User Activity & Operations 1-102
2026-07-27 03:11:45,823 INFO o.a.j.t.JMeterThread: Thread started: Main Workload: User Activity & Operations 1-103
2026-07-27 03:11:46,323 INFO o.a.j.t.JMeterThread: Thread started: Main Workload: User Activity & Operations 1-104
2026-07-27 03:11:46,823 INFO o.a.j.t.JMeterThread: Thread started: Main Workload: User Activity & Operations 1-105
2026-07-27 03:11:47,323 INFO o.a.j.t.JMeterThread: Thread started: Main Workload: User Activity & Operations 1-106
2026-07-27 03:11:47,823 INFO o.a.j.t.JMeterThread: Thread started: Main Workload: User Activity & Operations 1-107
2026-07-27 03:11:48,324 INFO o.a.j.t.JMeterThread: Thread started: Main Workload: User Activity & Operations 1-108
2026-07-27 03:11:48,823 INFO o.a.j.t.JMeterThread: Thread started: Main Workload: User Activity & Operations 1-109
2026-07-27 03:11:49,324 INFO o.a.j.t.JMeterThread: Thread started: Main Workload: User Activity & Operations 1-110
2026-07-27 03:11:49,824 INFO o.a.j.t.JMeterThread: Thread started: Main Workload: User Activity & Operations 1-111
2026-07-27 03:11:50,324 INFO o.a.j.t.JMeterThread: Thread started: Main Workload: User Activity & Operations 1-112
2026-07-27 03:11:50,824 INFO o.a.j.t.JMeterThread: Thread started: Main Workload: User Activity & Operations 1-113
2026-07-27 03:11:51,323 INFO o.a.j.t.JMeterThread: Thread started: Main Workload: User Activity & Operations 1-114
2026-07-27 03:11:51,824 INFO o.a.j.t.JMeterThread: Thread started: Main Workload: User Activity & Operations 1-115
2026-07-27 03:11:52,323 INFO o.a.j.t.JMeterThread: Thread started: Main Workload: User Activity & Operations 1-116
2026-07-27 03:11:52,824 INFO o.a.j.t.JMeterThread: Thread started: Main Workload: User Activity & Operations 1-117
2026-07-27 03:11:53,324 INFO o.a.j.t.JMeterThread: Thread started: Main Workload: User Activity & Operations 1-118
2026-07-27 03:11:53,823 INFO o.a.j.t.JMeterThread: Thread started: Main Workload: User Activity & Operations 1-119
2026-07-27 03:11:54,325 INFO o.a.j.t.JMeterThread: Thread started: Main Workload: User Activity & Operations 1-120
2026-07-27 03:11:54,824 INFO o.a.j.t.JMeterThread: Thread started: Main Workload: User Activity & Operations 1-121
2026-07-27 03:11:55,323 INFO o.a.j.t.JMeterThread: Thread started: Main Workload: User Activity & Operations 1-122
2026-07-27 03:11:55,825 INFO o.a.j.t.JMeterThread: Thread started: Main Workload: User Activity & Operations 1-123
2026-07-27 03:11:56,324 INFO o.a.j.t.JMeterThread: Thread started: Main Workload: User Activity & Operations 1-124
2026-07-27 03:11:56,824 INFO o.a.j.t.JMeterThread: Thread started: Main Workload: User Activity & Operations 1-125
2026-07-27 03:11:57,324 INFO o.a.j.t.JMeterThread: Thread started: Main Workload: User Activity & Operations 1-126
2026-07-27 03:11:57,824 INFO o.a.j.t.JMeterThread: Thread started: Main Workload: User Activity & Operations 1-127
2026-07-27 03:11:58,324 INFO o.a.j.t.JMeterThread: Thread started: Main Workload: User Activity & Operations 1-128
2026-07-27 03:11:58,823 INFO o.a.j.t.JMeterThread: Thread started: Main Workload: User Activity & Operations 1-129
2026-07-27 03:11:59,323 INFO o.a.j.t.JMeterThread: Thread started: Main Workload: User Activity & Operations 1-130
2026-07-27 03:11:59,823 INFO o.a.j.t.JMeterThread: Thread started: Main Workload: User Activity & Operations 1-131
2026-07-27 03:12:00,013 INFO o.a.j.r.Summariser: summary +   4378 in 00:00:30 =  145.9/s Avg:   375 Min:    63 Max:  2097 Err:     0 (0.00%) Active: 131 Started: 131 Finished: 0
2026-07-27 03:12:00,013 INFO o.a.j.r.Summariser: summary =   7268 in 00:01:08 =  106.9/s Avg:   276 Min:    61 Max:  2596 Err:     0 (0.00%)
2026-07-27 03:12:00,323 INFO o.a.j.t.JMeterThread: Thread started: Main Workload: User Activity & Operations 1-132
2026-07-27 03:12:00,825 INFO o.a.j.t.JMeterThread: Thread started: Main Workload: User Activity & Operations 1-133
2026-07-27 03:12:01,323 INFO o.a.j.t.JMeterThread: Thread started: Main Workload: User Activity & Operations 1-134
2026-07-27 03:12:01,824 INFO o.a.j.t.JMeterThread: Thread started: Main Workload: User Activity & Operations 1-135
2026-07-27 03:12:02,325 INFO o.a.j.t.JMeterThread: Thread started: Main Workload: User Activity & Operations 1-136
2026-07-27 03:12:02,823 INFO o.a.j.t.JMeterThread: Thread started: Main Workload: User Activity & Operations 1-137
2026-07-27 03:12:03,337 INFO o.a.j.t.JMeterThread: Thread started: Main Workload: User Activity & Operations 1-138
2026-07-27 03:12:03,826 INFO o.a.j.t.JMeterThread: Thread started: Main Workload: User Activity & Operations 1-139
2026-07-27 03:12:04,324 INFO o.a.j.t.JMeterThread: Thread started: Main Workload: User Activity & Operations 1-140
2026-07-27 03:12:04,824 INFO o.a.j.t.JMeterThread: Thread started: Main Workload: User Activity & Operations 1-141
2026-07-27 03:12:05,323 INFO o.a.j.t.JMeterThread: Thread started: Main Workload: User Activity & Operations 1-142
2026-07-27 03:12:05,825 INFO o.a.j.t.JMeterThread: Thread started: Main Workload: User Activity & Operations 1-143
2026-07-27 03:12:06,325 INFO o.a.j.t.JMeterThread: Thread started: Main Workload: User Activity & Operations 1-144
2026-07-27 03:12:06,824 INFO o.a.j.t.JMeterThread: Thread started: Main Workload: User Activity & Operations 1-145
2026-07-27 03:12:07,323 INFO o.a.j.t.JMeterThread: Thread started: Main Workload: User Activity & Operations 1-146
2026-07-27 03:12:07,824 INFO o.a.j.t.JMeterThread: Thread started: Main Workload: User Activity & Operations 1-147
2026-07-27 03:12:08,323 INFO o.a.j.t.JMeterThread: Thread started: Main Workload: User Activity & Operations 1-148
2026-07-27 03:12:08,824 INFO o.a.j.t.JMeterThread: Thread started: Main Workload: User Activity & Operations 1-149
2026-07-27 03:12:09,323 INFO o.a.j.t.JMeterThread: Thread started: Main Workload: User Activity & Operations 1-150
2026-07-27 03:12:30,003 INFO o.a.j.r.Summariser: summary +   4452 in 00:00:30 =  148.4/s Avg:   691 Min:    64 Max:  2826 Err:     0 (0.00%) Active: 150 Started: 150 Finished: 0
2026-07-27 03:12:30,004 INFO o.a.j.r.Summariser: summary =  11720 in 00:01:38 =  119.6/s Avg:   434 Min:    61 Max:  2826 Err:     0 (0.00%)
2026-07-27 03:13:00,003 INFO o.a.j.r.Summariser: summary +   4420 in 00:00:30 =  147.3/s Avg:   713 Min:    65 Max:  3069 Err:     0 (0.00%) Active: 150 Started: 150 Finished: 0
2026-07-27 03:13:00,003 INFO o.a.j.r.Summariser: summary =  16140 in 00:02:08 =  126.1/s Avg:   510 Min:    61 Max:  3069 Err:     0 (0.00%)
2026-07-27 03:13:30,001 INFO o.a.j.r.Summariser: summary +   4394 in 00:00:30 =  146.5/s Avg:   718 Min:    62 Max:  2851 Err:     0 (0.00%) Active: 150 Started: 150 Finished: 0
2026-07-27 03:13:30,002 INFO o.a.j.r.Summariser: summary =  20534 in 00:02:38 =  130.0/s Avg:   555 Min:    61 Max:  3069 Err:     0 (0.00%)
2026-07-27 03:13:33,732 INFO o.a.j.t.JMeterThread: Thread is done: Main Workload: User Activity & Operations 1-2
2026-07-27 03:13:33,733 INFO o.a.j.t.JMeterThread: Thread finished: Main Workload: User Activity & Operations 1-2
2026-07-27 03:13:35,400 INFO o.a.j.t.JMeterThread: Thread is done: Main Workload: User Activity & Operations 1-7
2026-07-27 03:13:35,400 INFO o.a.j.t.JMeterThread: Thread finished: Main Workload: User Activity & Operations 1-7
2026-07-27 03:13:37,242 INFO o.a.j.t.JMeterThread: Thread is done: Main Workload: User Activity & Operations 1-4
2026-07-27 03:13:37,242 INFO o.a.j.t.JMeterThread: Thread finished: Main Workload: User Activity & Operations 1-4
2026-07-27 03:13:37,451 INFO o.a.j.t.JMeterThread: Thread is done: Main Workload: User Activity & Operations 1-3
2026-07-27 03:13:37,452 INFO o.a.j.t.JMeterThread: Thread finished: Main Workload: User Activity & Operations 1-3
2026-07-27 03:13:39,718 INFO o.a.j.t.JMeterThread: Thread is done: Main Workload: User Activity & Operations 1-1
2026-07-27 03:13:39,718 INFO o.a.j.t.JMeterThread: Thread finished: Main Workload: User Activity & Operations 1-1
2026-07-27 03:13:42,739 INFO o.a.j.t.JMeterThread: Thread is done: Main Workload: User Activity & Operations 1-5
2026-07-27 03:13:42,739 INFO o.a.j.t.JMeterThread: Thread finished: Main Workload: User Activity & Operations 1-5
2026-07-27 03:13:45,054 INFO o.a.j.t.JMeterThread: Thread is done: Main Workload: User Activity & Operations 1-9
2026-07-27 03:13:45,054 INFO o.a.j.t.JMeterThread: Thread finished: Main Workload: User Activity & Operations 1-9
2026-07-27 03:13:45,243 INFO o.a.j.t.JMeterThread: Thread is done: Main Workload: User Activity & Operations 1-6
2026-07-27 03:13:45,243 INFO o.a.j.t.JMeterThread: Thread finished: Main Workload: User Activity & Operations 1-6
2026-07-27 03:13:45,450 INFO o.a.j.t.JMeterThread: Thread is done: Main Workload: User Activity & Operations 1-12
2026-07-27 03:13:45,450 INFO o.a.j.t.JMeterThread: Thread finished: Main Workload: User Activity & Operations 1-12
2026-07-27 03:13:49,479 INFO o.a.j.t.JMeterThread: Thread is done: Main Workload: User Activity & Operations 1-13
2026-07-27 03:13:49,479 INFO o.a.j.t.JMeterThread: Thread finished: Main Workload: User Activity & Operations 1-13
2026-07-27 03:13:49,726 INFO o.a.j.t.JMeterThread: Thread is done: Main Workload: User Activity & Operations 1-11
2026-07-27 03:13:49,727 INFO o.a.j.t.JMeterThread: Thread finished: Main Workload: User Activity & Operations 1-11
2026-07-27 03:13:50,022 INFO o.a.j.t.JMeterThread: Thread is done: Main Workload: User Activity & Operations 1-15
2026-07-27 03:13:50,022 INFO o.a.j.t.JMeterThread: Thread finished: Main Workload: User Activity & Operations 1-15
2026-07-27 03:13:50,133 INFO o.a.j.t.JMeterThread: Thread is done: Main Workload: User Activity & Operations 1-8
2026-07-27 03:13:50,134 INFO o.a.j.t.JMeterThread: Thread finished: Main Workload: User Activity & Operations 1-8
2026-07-27 03:13:50,394 INFO o.a.j.t.JMeterThread: Thread is done: Main Workload: User Activity & Operations 1-17
2026-07-27 03:13:50,394 INFO o.a.j.t.JMeterThread: Thread finished: Main Workload: User Activity & Operations 1-17
2026-07-27 03:13:52,033 INFO o.a.j.t.JMeterThread: Thread is done: Main Workload: User Activity & Operations 1-16
2026-07-27 03:13:52,033 INFO o.a.j.t.JMeterThread: Thread finished: Main Workload: User Activity & Operations 1-16
2026-07-27 03:13:53,427 INFO o.a.j.t.JMeterThread: Thread is done: Main Workload: User Activity & Operations 1-10
2026-07-27 03:13:53,427 INFO o.a.j.t.JMeterThread: Thread finished: Main Workload: User Activity & Operations 1-10
2026-07-27 03:13:55,349 INFO o.a.j.t.JMeterThread: Thread is done: Main Workload: User Activity & Operations 1-14
2026-07-27 03:13:55,349 INFO o.a.j.t.JMeterThread: Thread finished: Main Workload: User Activity & Operations 1-14
2026-07-27 03:13:57,840 INFO o.a.j.t.JMeterThread: Thread is done: Main Workload: User Activity & Operations 1-19
2026-07-27 03:13:57,840 INFO o.a.j.t.JMeterThread: Thread finished: Main Workload: User Activity & Operations 1-19
2026-07-27 03:13:58,768 INFO o.a.j.t.JMeterThread: Thread is done: Main Workload: User Activity & Operations 1-21
2026-07-27 03:13:58,768 INFO o.a.j.t.JMeterThread: Thread finished: Main Workload: User Activity & Operations 1-21
2026-07-27 03:14:00,004 INFO o.a.j.r.Summariser: summary +   4382 in 00:00:30 =  146.1/s Avg:   680 Min:    63 Max:  2904 Err:     0 (0.00%) Active: 131 Started: 150 Finished: 19
2026-07-27 03:14:00,004 INFO o.a.j.r.Summariser: summary =  24916 in 00:03:08 =  132.5/s Avg:   577 Min:    61 Max:  3069 Err:     0 (0.00%)
2026-07-27 03:14:00,127 INFO o.a.j.t.JMeterThread: Thread is done: Main Workload: User Activity & Operations 1-23
2026-07-27 03:14:00,127 INFO o.a.j.t.JMeterThread: Thread finished: Main Workload: User Activity & Operations 1-23
2026-07-27 03:14:00,711 INFO o.a.j.t.JMeterThread: Thread is done: Main Workload: User Activity & Operations 1-27
2026-07-27 03:14:00,711 INFO o.a.j.t.JMeterThread: Thread finished: Main Workload: User Activity & Operations 1-27
2026-07-27 03:14:01,090 INFO o.a.j.t.JMeterThread: Thread is done: Main Workload: User Activity & Operations 1-22
2026-07-27 03:14:01,090 INFO o.a.j.t.JMeterThread: Thread finished: Main Workload: User Activity & Operations 1-22
2026-07-27 03:14:01,619 INFO o.a.j.t.JMeterThread: Thread is done: Main Workload: User Activity & Operations 1-18
2026-07-27 03:14:01,620 INFO o.a.j.t.JMeterThread: Thread finished: Main Workload: User Activity & Operations 1-18
2026-07-27 03:14:02,703 INFO o.a.j.t.JMeterThread: Thread is done: Main Workload: User Activity & Operations 1-25
2026-07-27 03:14:02,703 INFO o.a.j.t.JMeterThread: Thread finished: Main Workload: User Activity & Operations 1-25
2026-07-27 03:14:04,360 INFO o.a.j.t.JMeterThread: Thread is done: Main Workload: User Activity & Operations 1-20
2026-07-27 03:14:04,360 INFO o.a.j.t.JMeterThread: Thread finished: Main Workload: User Activity & Operations 1-20
2026-07-27 03:14:04,441 INFO o.a.j.t.JMeterThread: Thread is done: Main Workload: User Activity & Operations 1-24
2026-07-27 03:14:04,441 INFO o.a.j.t.JMeterThread: Thread finished: Main Workload: User Activity & Operations 1-24
2026-07-27 03:14:05,909 INFO o.a.j.t.JMeterThread: Thread is done: Main Workload: User Activity & Operations 1-26
2026-07-27 03:14:05,909 INFO o.a.j.t.JMeterThread: Thread finished: Main Workload: User Activity & Operations 1-26
2026-07-27 03:14:06,996 INFO o.a.j.t.JMeterThread: Thread is done: Main Workload: User Activity & Operations 1-30
2026-07-27 03:14:06,997 INFO o.a.j.t.JMeterThread: Thread finished: Main Workload: User Activity & Operations 1-30
2026-07-27 03:14:07,018 INFO o.a.j.t.JMeterThread: Thread is done: Main Workload: User Activity & Operations 1-28
2026-07-27 03:14:07,019 INFO o.a.j.t.JMeterThread: Thread finished: Main Workload: User Activity & Operations 1-28
2026-07-27 03:14:09,142 INFO o.a.j.t.JMeterThread: Thread is done: Main Workload: User Activity & Operations 1-31
2026-07-27 03:14:09,142 INFO o.a.j.t.JMeterThread: Thread finished: Main Workload: User Activity & Operations 1-31
2026-07-27 03:14:10,792 INFO o.a.j.t.JMeterThread: Thread is done: Main Workload: User Activity & Operations 1-32
2026-07-27 03:14:10,792 INFO o.a.j.t.JMeterThread: Thread finished: Main Workload: User Activity & Operations 1-32
2026-07-27 03:14:10,815 INFO o.a.j.t.JMeterThread: Thread is done: Main Workload: User Activity & Operations 1-33
2026-07-27 03:14:10,815 INFO o.a.j.t.JMeterThread: Thread finished: Main Workload: User Activity & Operations 1-33
2026-07-27 03:14:11,250 INFO o.a.j.t.JMeterThread: Thread is done: Main Workload: User Activity & Operations 1-29
2026-07-27 03:14:11,251 INFO o.a.j.t.JMeterThread: Thread finished: Main Workload: User Activity & Operations 1-29
2026-07-27 03:14:11,842 INFO o.a.j.t.JMeterThread: Thread is done: Main Workload: User Activity & Operations 1-34
2026-07-27 03:14:11,842 INFO o.a.j.t.JMeterThread: Thread finished: Main Workload: User Activity & Operations 1-34
2026-07-27 03:14:15,407 INFO o.a.j.t.JMeterThread: Thread is done: Main Workload: User Activity & Operations 1-40
2026-07-27 03:14:15,407 INFO o.a.j.t.JMeterThread: Thread finished: Main Workload: User Activity & Operations 1-40
2026-07-27 03:14:16,648 INFO o.a.j.t.JMeterThread: Thread is done: Main Workload: User Activity & Operations 1-39
2026-07-27 03:14:16,648 INFO o.a.j.t.JMeterThread: Thread finished: Main Workload: User Activity & Operations 1-39
2026-07-27 03:14:17,254 INFO o.a.j.t.JMeterThread: Thread is done: Main Workload: User Activity & Operations 1-36
2026-07-27 03:14:17,254 INFO o.a.j.t.JMeterThread: Thread finished: Main Workload: User Activity & Operations 1-36
2026-07-27 03:14:17,277 INFO o.a.j.t.JMeterThread: Thread is done: Main Workload: User Activity & Operations 1-35
2026-07-27 03:14:17,277 INFO o.a.j.t.JMeterThread: Thread finished: Main Workload: User Activity & Operations 1-35
2026-07-27 03:14:18,043 INFO o.a.j.t.JMeterThread: Thread is done: Main Workload: User Activity & Operations 1-38
2026-07-27 03:14:18,043 INFO o.a.j.t.JMeterThread: Thread finished: Main Workload: User Activity & Operations 1-38
2026-07-27 03:14:18,505 INFO o.a.j.t.JMeterThread: Thread is done: Main Workload: User Activity & Operations 1-37
2026-07-27 03:14:18,505 INFO o.a.j.t.JMeterThread: Thread finished: Main Workload: User Activity & Operations 1-37
2026-07-27 03:14:19,154 INFO o.a.j.t.JMeterThread: Thread is done: Main Workload: User Activity & Operations 1-43
2026-07-27 03:14:19,154 INFO o.a.j.t.JMeterThread: Thread finished: Main Workload: User Activity & Operations 1-43
2026-07-27 03:14:20,176 INFO o.a.j.t.JMeterThread: Thread is done: Main Workload: User Activity & Operations 1-47
2026-07-27 03:14:20,177 INFO o.a.j.t.JMeterThread: Thread finished: Main Workload: User Activity & Operations 1-47
2026-07-27 03:14:21,219 INFO o.a.j.t.JMeterThread: Thread is done: Main Workload: User Activity & Operations 1-41
2026-07-27 03:14:21,219 INFO o.a.j.t.JMeterThread: Thread finished: Main Workload: User Activity & Operations 1-41
2026-07-27 03:14:21,657 INFO o.a.j.t.JMeterThread: Thread is done: Main Workload: User Activity & Operations 1-42
2026-07-27 03:14:21,657 INFO o.a.j.t.JMeterThread: Thread finished: Main Workload: User Activity & Operations 1-42
2026-07-27 03:14:23,175 INFO o.a.j.t.JMeterThread: Thread is done: Main Workload: User Activity & Operations 1-45
2026-07-27 03:14:23,175 INFO o.a.j.t.JMeterThread: Thread finished: Main Workload: User Activity & Operations 1-45
2026-07-27 03:14:23,848 INFO o.a.j.t.JMeterThread: Thread is done: Main Workload: User Activity & Operations 1-48
2026-07-27 03:14:23,848 INFO o.a.j.t.JMeterThread: Thread finished: Main Workload: User Activity & Operations 1-48
2026-07-27 03:14:23,862 INFO o.a.j.t.JMeterThread: Thread is done: Main Workload: User Activity & Operations 1-44
2026-07-27 03:14:23,862 INFO o.a.j.t.JMeterThread: Thread finished: Main Workload: User Activity & Operations 1-44
2026-07-27 03:14:24,656 INFO o.a.j.t.JMeterThread: Thread is done: Main Workload: User Activity & Operations 1-51
2026-07-27 03:14:24,656 INFO o.a.j.t.JMeterThread: Thread finished: Main Workload: User Activity & Operations 1-51
2026-07-27 03:14:26,523 INFO o.a.j.t.JMeterThread: Thread is done: Main Workload: User Activity & Operations 1-52
2026-07-27 03:14:26,523 INFO o.a.j.t.JMeterThread: Thread finished: Main Workload: User Activity & Operations 1-52
2026-07-27 03:14:26,795 INFO o.a.j.t.JMeterThread: Thread is done: Main Workload: User Activity & Operations 1-53
2026-07-27 03:14:26,795 INFO o.a.j.t.JMeterThread: Thread finished: Main Workload: User Activity & Operations 1-53
2026-07-27 03:14:27,098 INFO o.a.j.t.JMeterThread: Thread is done: Main Workload: User Activity & Operations 1-46
2026-07-27 03:14:27,098 INFO o.a.j.t.JMeterThread: Thread finished: Main Workload: User Activity & Operations 1-46
2026-07-27 03:14:28,150 INFO o.a.j.t.JMeterThread: Thread is done: Main Workload: User Activity & Operations 1-55
2026-07-27 03:14:28,151 INFO o.a.j.t.JMeterThread: Thread finished: Main Workload: User Activity & Operations 1-55
2026-07-27 03:14:28,344 INFO o.a.j.t.JMeterThread: Thread is done: Main Workload: User Activity & Operations 1-50
2026-07-27 03:14:28,345 INFO o.a.j.t.JMeterThread: Thread finished: Main Workload: User Activity & Operations 1-50
2026-07-27 03:14:30,004 INFO o.a.j.r.Summariser: summary +   4541 in 00:00:30 =  151.4/s Avg:   458 Min:    63 Max:  1822 Err:     0 (0.00%) Active: 97 Started: 150 Finished: 53
2026-07-27 03:14:30,005 INFO o.a.j.r.Summariser: summary =  29457 in 00:03:38 =  135.1/s Avg:   559 Min:    61 Max:  3069 Err:     0 (0.00%)
2026-07-27 03:14:30,043 INFO o.a.j.t.JMeterThread: Thread is done: Main Workload: User Activity & Operations 1-59
2026-07-27 03:14:30,043 INFO o.a.j.t.JMeterThread: Thread finished: Main Workload: User Activity & Operations 1-59
2026-07-27 03:14:30,314 INFO o.a.j.t.JMeterThread: Thread is done: Main Workload: User Activity & Operations 1-58
2026-07-27 03:14:30,314 INFO o.a.j.t.JMeterThread: Thread finished: Main Workload: User Activity & Operations 1-58
2026-07-27 03:14:31,612 INFO o.a.j.t.JMeterThread: Thread is done: Main Workload: User Activity & Operations 1-49
2026-07-27 03:14:31,612 INFO o.a.j.t.JMeterThread: Thread finished: Main Workload: User Activity & Operations 1-49
2026-07-27 03:14:32,111 INFO o.a.j.t.JMeterThread: Thread is done: Main Workload: User Activity & Operations 1-57
2026-07-27 03:14:32,111 INFO o.a.j.t.JMeterThread: Thread finished: Main Workload: User Activity & Operations 1-57
2026-07-27 03:14:32,162 INFO o.a.j.t.JMeterThread: Thread is done: Main Workload: User Activity & Operations 1-54
2026-07-27 03:14:32,162 INFO o.a.j.t.JMeterThread: Thread finished: Main Workload: User Activity & Operations 1-54
2026-07-27 03:14:33,274 INFO o.a.j.t.JMeterThread: Thread is done: Main Workload: User Activity & Operations 1-56
2026-07-27 03:14:33,274 INFO o.a.j.t.JMeterThread: Thread finished: Main Workload: User Activity & Operations 1-56
2026-07-27 03:14:33,549 INFO o.a.j.t.JMeterThread: Thread is done: Main Workload: User Activity & Operations 1-64
2026-07-27 03:14:33,549 INFO o.a.j.t.JMeterThread: Thread finished: Main Workload: User Activity & Operations 1-64
2026-07-27 03:14:34,428 INFO o.a.j.t.JMeterThread: Thread is done: Main Workload: User Activity & Operations 1-65
2026-07-27 03:14:34,428 INFO o.a.j.t.JMeterThread: Thread finished: Main Workload: User Activity & Operations 1-65
2026-07-27 03:14:34,799 INFO o.a.j.t.JMeterThread: Thread is done: Main Workload: User Activity & Operations 1-62
2026-07-27 03:14:34,799 INFO o.a.j.t.JMeterThread: Thread finished: Main Workload: User Activity & Operations 1-62
2026-07-27 03:14:35,058 INFO o.a.j.t.JMeterThread: Thread is done: Main Workload: User Activity & Operations 1-63
2026-07-27 03:14:35,059 INFO o.a.j.t.JMeterThread: Thread finished: Main Workload: User Activity & Operations 1-63
2026-07-27 03:14:37,024 INFO o.a.j.t.JMeterThread: Thread is done: Main Workload: User Activity & Operations 1-61
2026-07-27 03:14:37,025 INFO o.a.j.t.JMeterThread: Thread finished: Main Workload: User Activity & Operations 1-61
2026-07-27 03:14:37,578 INFO o.a.j.t.JMeterThread: Thread is done: Main Workload: User Activity & Operations 1-66
2026-07-27 03:14:37,578 INFO o.a.j.t.JMeterThread: Thread finished: Main Workload: User Activity & Operations 1-66
2026-07-27 03:14:38,302 INFO o.a.j.t.JMeterThread: Thread is done: Main Workload: User Activity & Operations 1-69
2026-07-27 03:14:38,302 INFO o.a.j.t.JMeterThread: Thread finished: Main Workload: User Activity & Operations 1-69
2026-07-27 03:14:39,285 INFO o.a.j.t.JMeterThread: Thread is done: Main Workload: User Activity & Operations 1-68
2026-07-27 03:14:39,285 INFO o.a.j.t.JMeterThread: Thread finished: Main Workload: User Activity & Operations 1-68
2026-07-27 03:14:39,324 INFO o.a.j.t.JMeterThread: Thread is done: Main Workload: User Activity & Operations 1-60
2026-07-27 03:14:39,325 INFO o.a.j.t.JMeterThread: Thread finished: Main Workload: User Activity & Operations 1-60
2026-07-27 03:14:39,362 INFO o.a.j.t.JMeterThread: Thread is done: Main Workload: User Activity & Operations 1-73
2026-07-27 03:14:39,362 INFO o.a.j.t.JMeterThread: Thread finished: Main Workload: User Activity & Operations 1-73
2026-07-27 03:14:39,383 INFO o.a.j.t.JMeterThread: Thread is done: Main Workload: User Activity & Operations 1-67
2026-07-27 03:14:39,383 INFO o.a.j.t.JMeterThread: Thread finished: Main Workload: User Activity & Operations 1-67
2026-07-27 03:14:40,469 INFO o.a.j.t.JMeterThread: Thread is done: Main Workload: User Activity & Operations 1-74
2026-07-27 03:14:40,469 INFO o.a.j.t.JMeterThread: Thread finished: Main Workload: User Activity & Operations 1-74
2026-07-27 03:14:41,372 INFO o.a.j.t.JMeterThread: Thread is done: Main Workload: User Activity & Operations 1-71
2026-07-27 03:14:41,372 INFO o.a.j.t.JMeterThread: Thread finished: Main Workload: User Activity & Operations 1-71
2026-07-27 03:14:42,307 INFO o.a.j.t.JMeterThread: Thread is done: Main Workload: User Activity & Operations 1-70
2026-07-27 03:14:42,307 INFO o.a.j.t.JMeterThread: Thread finished: Main Workload: User Activity & Operations 1-70
2026-07-27 03:14:43,848 INFO o.a.j.t.JMeterThread: Thread is done: Main Workload: User Activity & Operations 1-72
2026-07-27 03:14:43,849 INFO o.a.j.t.JMeterThread: Thread finished: Main Workload: User Activity & Operations 1-72
2026-07-27 03:14:44,758 INFO o.a.j.t.JMeterThread: Thread is done: Main Workload: User Activity & Operations 1-83
2026-07-27 03:14:44,758 INFO o.a.j.t.JMeterThread: Thread finished: Main Workload: User Activity & Operations 1-83
2026-07-27 03:14:45,456 INFO o.a.j.t.JMeterThread: Thread is done: Main Workload: User Activity & Operations 1-78
2026-07-27 03:14:45,456 INFO o.a.j.t.JMeterThread: Thread finished: Main Workload: User Activity & Operations 1-78
2026-07-27 03:14:45,912 INFO o.a.j.t.JMeterThread: Thread is done: Main Workload: User Activity & Operations 1-79
2026-07-27 03:14:45,912 INFO o.a.j.t.JMeterThread: Thread finished: Main Workload: User Activity & Operations 1-79
2026-07-27 03:14:45,974 INFO o.a.j.t.JMeterThread: Thread is done: Main Workload: User Activity & Operations 1-75
2026-07-27 03:14:45,975 INFO o.a.j.t.JMeterThread: Thread finished: Main Workload: User Activity & Operations 1-75
2026-07-27 03:14:46,212 INFO o.a.j.t.JMeterThread: Thread is done: Main Workload: User Activity & Operations 1-77
2026-07-27 03:14:46,212 INFO o.a.j.t.JMeterThread: Thread finished: Main Workload: User Activity & Operations 1-77
2026-07-27 03:14:47,027 INFO o.a.j.t.JMeterThread: Thread is done: Main Workload: User Activity & Operations 1-85
2026-07-27 03:14:47,027 INFO o.a.j.t.JMeterThread: Thread finished: Main Workload: User Activity & Operations 1-85
2026-07-27 03:14:47,372 INFO o.a.j.t.JMeterThread: Thread is done: Main Workload: User Activity & Operations 1-81
2026-07-27 03:14:47,372 INFO o.a.j.t.JMeterThread: Thread finished: Main Workload: User Activity & Operations 1-81
2026-07-27 03:14:47,890 INFO o.a.j.t.JMeterThread: Thread is done: Main Workload: User Activity & Operations 1-80
2026-07-27 03:14:47,890 INFO o.a.j.t.JMeterThread: Thread finished: Main Workload: User Activity & Operations 1-80
2026-07-27 03:14:48,138 INFO o.a.j.t.JMeterThread: Thread is done: Main Workload: User Activity & Operations 1-76
2026-07-27 03:14:48,139 INFO o.a.j.t.JMeterThread: Thread finished: Main Workload: User Activity & Operations 1-76
2026-07-27 03:14:48,225 INFO o.a.j.t.JMeterThread: Thread is done: Main Workload: User Activity & Operations 1-84
2026-07-27 03:14:48,225 INFO o.a.j.t.JMeterThread: Thread finished: Main Workload: User Activity & Operations 1-84
2026-07-27 03:14:49,069 INFO o.a.j.t.JMeterThread: Thread is done: Main Workload: User Activity & Operations 1-88
2026-07-27 03:14:49,069 INFO o.a.j.t.JMeterThread: Thread finished: Main Workload: User Activity & Operations 1-88
2026-07-27 03:14:49,612 INFO o.a.j.t.JMeterThread: Thread is done: Main Workload: User Activity & Operations 1-92
2026-07-27 03:14:49,612 INFO o.a.j.t.JMeterThread: Thread finished: Main Workload: User Activity & Operations 1-92
2026-07-27 03:14:50,160 INFO o.a.j.t.JMeterThread: Thread is done: Main Workload: User Activity & Operations 1-90
2026-07-27 03:14:50,160 INFO o.a.j.t.JMeterThread: Thread finished: Main Workload: User Activity & Operations 1-90
2026-07-27 03:14:50,174 INFO o.a.j.t.JMeterThread: Thread is done: Main Workload: User Activity & Operations 1-82
2026-07-27 03:14:50,174 INFO o.a.j.t.JMeterThread: Thread finished: Main Workload: User Activity & Operations 1-82
2026-07-27 03:14:50,370 INFO o.a.j.t.JMeterThread: Thread is done: Main Workload: User Activity & Operations 1-98
2026-07-27 03:14:50,370 INFO o.a.j.t.JMeterThread: Thread finished: Main Workload: User Activity & Operations 1-98
2026-07-27 03:14:50,832 INFO o.a.j.t.JMeterThread: Thread is done: Main Workload: User Activity & Operations 1-93
2026-07-27 03:14:50,832 INFO o.a.j.t.JMeterThread: Thread finished: Main Workload: User Activity & Operations 1-93
2026-07-27 03:14:50,933 INFO o.a.j.t.JMeterThread: Thread is done: Main Workload: User Activity & Operations 1-89
2026-07-27 03:14:50,933 INFO o.a.j.t.JMeterThread: Thread finished: Main Workload: User Activity & Operations 1-89
2026-07-27 03:14:51,000 INFO o.a.j.t.JMeterThread: Thread is done: Main Workload: User Activity & Operations 1-86
2026-07-27 03:14:51,000 INFO o.a.j.t.JMeterThread: Thread finished: Main Workload: User Activity & Operations 1-86
2026-07-27 03:14:51,619 INFO o.a.j.t.JMeterThread: Thread is done: Main Workload: User Activity & Operations 1-96
2026-07-27 03:14:51,619 INFO o.a.j.t.JMeterThread: Thread finished: Main Workload: User Activity & Operations 1-96
2026-07-27 03:14:52,723 INFO o.a.j.t.JMeterThread: Thread is done: Main Workload: User Activity & Operations 1-87
2026-07-27 03:14:52,723 INFO o.a.j.t.JMeterThread: Thread finished: Main Workload: User Activity & Operations 1-87
2026-07-27 03:14:53,023 INFO o.a.j.t.JMeterThread: Thread is done: Main Workload: User Activity & Operations 1-91
2026-07-27 03:14:53,024 INFO o.a.j.t.JMeterThread: Thread finished: Main Workload: User Activity & Operations 1-91
2026-07-27 03:14:53,652 INFO o.a.j.t.JMeterThread: Thread is done: Main Workload: User Activity & Operations 1-101
2026-07-27 03:14:53,652 INFO o.a.j.t.JMeterThread: Thread finished: Main Workload: User Activity & Operations 1-101
2026-07-27 03:14:54,129 INFO o.a.j.t.JMeterThread: Thread is done: Main Workload: User Activity & Operations 1-97
2026-07-27 03:14:54,129 INFO o.a.j.t.JMeterThread: Thread finished: Main Workload: User Activity & Operations 1-97
2026-07-27 03:14:54,200 INFO o.a.j.t.JMeterThread: Thread is done: Main Workload: User Activity & Operations 1-100
2026-07-27 03:14:54,200 INFO o.a.j.t.JMeterThread: Thread finished: Main Workload: User Activity & Operations 1-100
2026-07-27 03:14:54,298 INFO o.a.j.t.JMeterThread: Thread is done: Main Workload: User Activity & Operations 1-111
2026-07-27 03:14:54,298 INFO o.a.j.t.JMeterThread: Thread finished: Main Workload: User Activity & Operations 1-111
2026-07-27 03:14:54,546 INFO o.a.j.t.JMeterThread: Thread is done: Main Workload: User Activity & Operations 1-95
2026-07-27 03:14:54,546 INFO o.a.j.t.JMeterThread: Thread finished: Main Workload: User Activity & Operations 1-95
2026-07-27 03:14:55,048 INFO o.a.j.t.JMeterThread: Thread is done: Main Workload: User Activity & Operations 1-104
2026-07-27 03:14:55,048 INFO o.a.j.t.JMeterThread: Thread finished: Main Workload: User Activity & Operations 1-104
2026-07-27 03:14:55,242 INFO o.a.j.t.JMeterThread: Thread is done: Main Workload: User Activity & Operations 1-103
2026-07-27 03:14:55,242 INFO o.a.j.t.JMeterThread: Thread finished: Main Workload: User Activity & Operations 1-103
2026-07-27 03:14:55,497 INFO o.a.j.t.JMeterThread: Thread is done: Main Workload: User Activity & Operations 1-110
2026-07-27 03:14:55,497 INFO o.a.j.t.JMeterThread: Thread finished: Main Workload: User Activity & Operations 1-110
2026-07-27 03:14:55,573 INFO o.a.j.t.JMeterThread: Thread is done: Main Workload: User Activity & Operations 1-94
2026-07-27 03:14:55,573 INFO o.a.j.t.JMeterThread: Thread finished: Main Workload: User Activity & Operations 1-94
2026-07-27 03:14:55,655 INFO o.a.j.t.JMeterThread: Thread is done: Main Workload: User Activity & Operations 1-99
2026-07-27 03:14:55,655 INFO o.a.j.t.JMeterThread: Thread finished: Main Workload: User Activity & Operations 1-99
2026-07-27 03:14:55,871 INFO o.a.j.t.JMeterThread: Thread is done: Main Workload: User Activity & Operations 1-102
2026-07-27 03:14:55,871 INFO o.a.j.t.JMeterThread: Thread finished: Main Workload: User Activity & Operations 1-102
2026-07-27 03:14:55,967 INFO o.a.j.t.JMeterThread: Thread is done: Main Workload: User Activity & Operations 1-105
2026-07-27 03:14:55,967 INFO o.a.j.t.JMeterThread: Thread finished: Main Workload: User Activity & Operations 1-105
2026-07-27 03:14:56,710 INFO o.a.j.t.JMeterThread: Thread is done: Main Workload: User Activity & Operations 1-107
2026-07-27 03:14:56,710 INFO o.a.j.t.JMeterThread: Thread finished: Main Workload: User Activity & Operations 1-107
2026-07-27 03:14:57,707 INFO o.a.j.t.JMeterThread: Thread is done: Main Workload: User Activity & Operations 1-106
2026-07-27 03:14:57,707 INFO o.a.j.t.JMeterThread: Thread finished: Main Workload: User Activity & Operations 1-106
2026-07-27 03:14:58,565 INFO o.a.j.t.JMeterThread: Thread is done: Main Workload: User Activity & Operations 1-109
2026-07-27 03:14:58,565 INFO o.a.j.t.JMeterThread: Thread finished: Main Workload: User Activity & Operations 1-109
2026-07-27 03:14:58,589 INFO o.a.j.t.JMeterThread: Thread is done: Main Workload: User Activity & Operations 1-124
2026-07-27 03:14:58,589 INFO o.a.j.t.JMeterThread: Thread finished: Main Workload: User Activity & Operations 1-124
2026-07-27 03:14:58,682 INFO o.a.j.t.JMeterThread: Thread is done: Main Workload: User Activity & Operations 1-112
2026-07-27 03:14:58,682 INFO o.a.j.t.JMeterThread: Thread finished: Main Workload: User Activity & Operations 1-112
2026-07-27 03:14:58,729 INFO o.a.j.t.JMeterThread: Thread is done: Main Workload: User Activity & Operations 1-121
2026-07-27 03:14:58,729 INFO o.a.j.t.JMeterThread: Thread finished: Main Workload: User Activity & Operations 1-121
2026-07-27 03:14:58,899 INFO o.a.j.t.JMeterThread: Thread is done: Main Workload: User Activity & Operations 1-117
2026-07-27 03:14:58,899 INFO o.a.j.t.JMeterThread: Thread finished: Main Workload: User Activity & Operations 1-117
2026-07-27 03:14:58,919 INFO o.a.j.t.JMeterThread: Thread is done: Main Workload: User Activity & Operations 1-118
2026-07-27 03:14:58,919 INFO o.a.j.t.JMeterThread: Thread finished: Main Workload: User Activity & Operations 1-118
2026-07-27 03:14:59,622 INFO o.a.j.t.JMeterThread: Thread is done: Main Workload: User Activity & Operations 1-116
2026-07-27 03:14:59,623 INFO o.a.j.t.JMeterThread: Thread finished: Main Workload: User Activity & Operations 1-116
2026-07-27 03:14:59,687 INFO o.a.j.t.JMeterThread: Thread is done: Main Workload: User Activity & Operations 1-108
2026-07-27 03:14:59,687 INFO o.a.j.t.JMeterThread: Thread finished: Main Workload: User Activity & Operations 1-108
2026-07-27 03:15:00,007 INFO o.a.j.r.Summariser: summary +   3975 in 00:00:30 =  132.5/s Avg:   239 Min:    62 Max:  1198 Err:     0 (0.00%) Active: 33 Started: 150 Finished: 117
2026-07-27 03:15:00,007 INFO o.a.j.r.Summariser: summary =  33432 in 00:04:08 =  134.8/s Avg:   521 Min:    61 Max:  3069 Err:     0 (0.00%)
2026-07-27 03:15:00,352 INFO o.a.j.t.JMeterThread: Thread is done: Main Workload: User Activity & Operations 1-115
2026-07-27 03:15:00,352 INFO o.a.j.t.JMeterThread: Thread finished: Main Workload: User Activity & Operations 1-115
2026-07-27 03:15:00,801 INFO o.a.j.t.JMeterThread: Thread is done: Main Workload: User Activity & Operations 1-119
2026-07-27 03:15:00,801 INFO o.a.j.t.JMeterThread: Thread finished: Main Workload: User Activity & Operations 1-119
2026-07-27 03:15:01,145 INFO o.a.j.t.JMeterThread: Thread is done: Main Workload: User Activity & Operations 1-128
2026-07-27 03:15:01,145 INFO o.a.j.t.JMeterThread: Thread finished: Main Workload: User Activity & Operations 1-128
2026-07-27 03:15:01,156 INFO o.a.j.t.JMeterThread: Thread is done: Main Workload: User Activity & Operations 1-127
2026-07-27 03:15:01,157 INFO o.a.j.t.JMeterThread: Thread finished: Main Workload: User Activity & Operations 1-127
2026-07-27 03:15:01,281 INFO o.a.j.t.JMeterThread: Thread is done: Main Workload: User Activity & Operations 1-114
2026-07-27 03:15:01,281 INFO o.a.j.t.JMeterThread: Thread finished: Main Workload: User Activity & Operations 1-114
2026-07-27 03:15:01,472 INFO o.a.j.t.JMeterThread: Thread is done: Main Workload: User Activity & Operations 1-122
2026-07-27 03:15:01,472 INFO o.a.j.t.JMeterThread: Thread finished: Main Workload: User Activity & Operations 1-122
2026-07-27 03:15:01,519 INFO o.a.j.t.JMeterThread: Thread is done: Main Workload: User Activity & Operations 1-113
2026-07-27 03:15:01,519 INFO o.a.j.t.JMeterThread: Thread finished: Main Workload: User Activity & Operations 1-113
2026-07-27 03:15:02,335 INFO o.a.j.t.JMeterThread: Thread is done: Main Workload: User Activity & Operations 1-130
2026-07-27 03:15:02,335 INFO o.a.j.t.JMeterThread: Thread finished: Main Workload: User Activity & Operations 1-130
2026-07-27 03:15:02,475 INFO o.a.j.t.JMeterThread: Thread is done: Main Workload: User Activity & Operations 1-125
2026-07-27 03:15:02,475 INFO o.a.j.t.JMeterThread: Thread finished: Main Workload: User Activity & Operations 1-125
2026-07-27 03:15:02,902 INFO o.a.j.t.JMeterThread: Thread is done: Main Workload: User Activity & Operations 1-120
2026-07-27 03:15:02,902 INFO o.a.j.t.JMeterThread: Thread finished: Main Workload: User Activity & Operations 1-120
2026-07-27 03:15:02,907 INFO o.a.j.t.JMeterThread: Thread is done: Main Workload: User Activity & Operations 1-138
2026-07-27 03:15:02,907 INFO o.a.j.t.JMeterThread: Thread finished: Main Workload: User Activity & Operations 1-138
2026-07-27 03:15:02,975 INFO o.a.j.t.JMeterThread: Thread is done: Main Workload: User Activity & Operations 1-126
2026-07-27 03:15:02,975 INFO o.a.j.t.JMeterThread: Thread finished: Main Workload: User Activity & Operations 1-126
2026-07-27 03:15:02,992 INFO o.a.j.t.JMeterThread: Thread is done: Main Workload: User Activity & Operations 1-123
2026-07-27 03:15:02,992 INFO o.a.j.t.JMeterThread: Thread is done: Main Workload: User Activity & Operations 1-134
2026-07-27 03:15:02,992 INFO o.a.j.t.JMeterThread: Thread finished: Main Workload: User Activity & Operations 1-123
2026-07-27 03:15:02,992 INFO o.a.j.t.JMeterThread: Thread finished: Main Workload: User Activity & Operations 1-134
2026-07-27 03:15:03,026 INFO o.a.j.t.JMeterThread: Thread is done: Main Workload: User Activity & Operations 1-133
2026-07-27 03:15:03,026 INFO o.a.j.t.JMeterThread: Thread finished: Main Workload: User Activity & Operations 1-133
2026-07-27 03:15:03,246 INFO o.a.j.t.JMeterThread: Thread is done: Main Workload: User Activity & Operations 1-146
2026-07-27 03:15:03,247 INFO o.a.j.t.JMeterThread: Thread finished: Main Workload: User Activity & Operations 1-146
2026-07-27 03:15:03,522 INFO o.a.j.t.JMeterThread: Thread is done: Main Workload: User Activity & Operations 1-131
2026-07-27 03:15:03,522 INFO o.a.j.t.JMeterThread: Thread finished: Main Workload: User Activity & Operations 1-131
2026-07-27 03:15:03,842 INFO o.a.j.t.JMeterThread: Thread is done: Main Workload: User Activity & Operations 1-139
2026-07-27 03:15:03,842 INFO o.a.j.t.JMeterThread: Thread finished: Main Workload: User Activity & Operations 1-139
2026-07-27 03:15:03,943 INFO o.a.j.t.JMeterThread: Thread is done: Main Workload: User Activity & Operations 1-143
2026-07-27 03:15:03,943 INFO o.a.j.t.JMeterThread: Thread finished: Main Workload: User Activity & Operations 1-143
2026-07-27 03:15:04,320 INFO o.a.j.t.JMeterThread: Thread is done: Main Workload: User Activity & Operations 1-140
2026-07-27 03:15:04,320 INFO o.a.j.t.JMeterThread: Thread finished: Main Workload: User Activity & Operations 1-140
2026-07-27 03:15:04,435 INFO o.a.j.t.JMeterThread: Thread is done: Main Workload: User Activity & Operations 1-129
2026-07-27 03:15:04,435 INFO o.a.j.t.JMeterThread: Thread finished: Main Workload: User Activity & Operations 1-129
2026-07-27 03:15:04,785 INFO o.a.j.t.JMeterThread: Thread is done: Main Workload: User Activity & Operations 1-141
2026-07-27 03:15:04,786 INFO o.a.j.t.JMeterThread: Thread finished: Main Workload: User Activity & Operations 1-141
2026-07-27 03:15:04,879 INFO o.a.j.t.JMeterThread: Thread is done: Main Workload: User Activity & Operations 1-135
2026-07-27 03:15:04,879 INFO o.a.j.t.JMeterThread: Thread finished: Main Workload: User Activity & Operations 1-135
2026-07-27 03:15:04,924 INFO o.a.j.t.JMeterThread: Thread is done: Main Workload: User Activity & Operations 1-136
2026-07-27 03:15:04,925 INFO o.a.j.t.JMeterThread: Thread finished: Main Workload: User Activity & Operations 1-136
2026-07-27 03:15:05,603 INFO o.a.j.t.JMeterThread: Thread is done: Main Workload: User Activity & Operations 1-149
2026-07-27 03:15:05,603 INFO o.a.j.t.JMeterThread: Thread finished: Main Workload: User Activity & Operations 1-149
2026-07-27 03:15:05,857 INFO o.a.j.t.JMeterThread: Thread is done: Main Workload: User Activity & Operations 1-147
2026-07-27 03:15:05,857 INFO o.a.j.t.JMeterThread: Thread finished: Main Workload: User Activity & Operations 1-147
2026-07-27 03:15:05,938 INFO o.a.j.t.JMeterThread: Thread is done: Main Workload: User Activity & Operations 1-148
2026-07-27 03:15:05,938 INFO o.a.j.t.JMeterThread: Thread finished: Main Workload: User Activity & Operations 1-148
2026-07-27 03:15:06,480 INFO o.a.j.t.JMeterThread: Thread is done: Main Workload: User Activity & Operations 1-150
2026-07-27 03:15:06,481 INFO o.a.j.t.JMeterThread: Thread finished: Main Workload: User Activity & Operations 1-150
2026-07-27 03:15:06,708 INFO o.a.j.t.JMeterThread: Thread is done: Main Workload: User Activity & Operations 1-145
2026-07-27 03:15:06,708 INFO o.a.j.t.JMeterThread: Thread finished: Main Workload: User Activity & Operations 1-145
2026-07-27 03:15:06,798 INFO o.a.j.t.JMeterThread: Thread is done: Main Workload: User Activity & Operations 1-142
2026-07-27 03:15:06,798 INFO o.a.j.t.JMeterThread: Thread finished: Main Workload: User Activity & Operations 1-142
2026-07-27 03:15:06,862 INFO o.a.j.t.JMeterThread: Thread is done: Main Workload: User Activity & Operations 1-144
2026-07-27 03:15:06,862 INFO o.a.j.t.JMeterThread: Thread finished: Main Workload: User Activity & Operations 1-144
2026-07-27 03:15:07,148 INFO o.a.j.t.JMeterThread: Thread is done: Main Workload: User Activity & Operations 1-137
2026-07-27 03:15:07,149 INFO o.a.j.t.JMeterThread: Thread finished: Main Workload: User Activity & Operations 1-137
2026-07-27 03:15:07,167 INFO o.a.j.t.JMeterThread: Thread is done: Main Workload: User Activity & Operations 1-132
2026-07-27 03:15:07,167 INFO o.a.j.t.JMeterThread: Thread finished: Main Workload: User Activity & Operations 1-132
2026-07-27 03:15:07,168 INFO o.a.j.e.StandardJMeterEngine: Notifying test listeners of end of test
2026-07-27 03:15:07,168 INFO o.a.j.s.FileServer: Close: data/comment-contents.csv
2026-07-27 03:15:07,168 INFO o.a.j.s.FileServer: Close: data/users.csv
2026-07-27 03:15:07,168 INFO o.a.j.s.FileServer: Close: data/post-contents.csv
2026-07-27 03:15:07,168 INFO o.a.j.r.Summariser: summary +    320 in 00:00:07 =   44.7/s Avg:   114 Min:    63 Max:   287 Err:     0 (0.00%) Active: 0 Started: 150 Finished: 150
2026-07-27 03:15:07,168 INFO o.a.j.r.Summariser: summary =  33752 in 00:04:15 =  132.3/s Avg:   517 Min:    61 Max:  3069 Err:     0 (0.00%)
2026-07-27 03:15:07,169 INFO o.a.j.JMeter: Generating Dashboard
2026-07-27 03:15:07,169 INFO o.a.j.r.d.ReportGenerator: Flushing result collector before report Generation
2026-07-27 03:15:07,177 INFO o.a.j.r.p.NormalizerSampleConsumer: Using format, 'ms', to parse timeStamp field
2026-07-27 03:15:08,018 INFO o.a.j.r.p.AbstractSampleConsumer: class org.apache.jmeter.report.processor.AggregateConsumer#stopProducing(): beginDate produced 0 samples
2026-07-27 03:15:08,018 INFO o.a.j.r.p.AbstractSampleConsumer: class org.apache.jmeter.report.processor.AggregateConsumer#stopProducing(): endDate produced 0 samples
2026-07-27 03:15:08,021 INFO o.a.j.r.p.AbstractSampleConsumer: class org.apache.jmeter.report.processor.ApdexSummaryConsumer#stopProducing(): apdexSummary produced 0 samples
2026-07-27 03:15:08,021 INFO o.a.j.r.p.AbstractSampleConsumer: class org.apache.jmeter.report.processor.RequestsSummaryConsumer#stopProducing(): requestsSummary produced 0 samples
2026-07-27 03:15:08,043 INFO o.a.j.r.p.AbstractSampleConsumer: class org.apache.jmeter.report.processor.StatisticsSummaryConsumer#stopProducing(): statisticsSummary produced 0 samples
2026-07-27 03:15:08,048 INFO o.a.j.r.p.AbstractSampleConsumer: class org.apache.jmeter.report.processor.Top5ErrorsBySamplerConsumer#stopProducing(): top5ErrorsBySampler produced 0 samples
2026-07-27 03:15:08,048 INFO o.a.j.r.p.AbstractSampleConsumer: class org.apache.jmeter.report.processor.ErrorsSummaryConsumer#stopProducing(): errorsSummary produced 0 samples
2026-07-27 03:15:08,048 INFO o.a.j.r.p.AbstractSampleConsumer: class org.apache.jmeter.report.processor.graph.impl.HitsPerSecondGraphConsumer#stopProducing(): hitsPerSecond produced 0 samples
2026-07-27 03:15:08,427 INFO o.a.j.r.p.AbstractSampleConsumer: class org.apache.jmeter.report.processor.graph.impl.LatencyVSRequestGraphConsumer#stopProducing(): latencyVsRequest produced 0 samples
2026-07-27 03:15:08,430 INFO o.a.j.r.p.AbstractSampleConsumer: class org.apache.jmeter.report.processor.graph.impl.SyntheticResponseTimeDistributionGraphConsumer#stopProducing(): syntheticResponseTimeDistribution produced 0 samples
2026-07-27 03:15:08,430 INFO o.a.j.r.p.AbstractSampleConsumer: class org.apache.jmeter.report.processor.graph.impl.BytesThroughputGraphConsumer#stopProducing(): bytesThroughputOverTime produced 0 samples
2026-07-27 03:15:08,430 INFO o.a.j.r.p.AbstractSampleConsumer: class org.apache.jmeter.report.processor.graph.impl.CodesPerSecondGraphConsumer#stopProducing(): codesPerSecond produced 0 samples
2026-07-27 03:15:08,692 INFO o.a.j.r.p.AbstractSampleConsumer: class org.apache.jmeter.report.processor.graph.impl.ResponseTimeVSRequestGraphConsumer#stopProducing(): responseTimeVsRequest produced 0 samples
2026-07-27 03:15:08,695 INFO o.a.j.r.p.AbstractSampleConsumer: class org.apache.jmeter.report.processor.FilterConsumer#stopProducing(): startIntervalControlerFilter produced 236264 samples
2026-07-27 03:15:08,695 INFO o.a.j.r.p.AbstractSampleConsumer: class org.apache.jmeter.report.processor.graph.impl.TotalTPSGraphConsumer#stopProducing(): totalTPS produced 0 samples
2026-07-27 03:15:08,695 INFO o.a.j.r.p.AbstractSampleConsumer: class org.apache.jmeter.report.processor.graph.impl.ActiveThreadsGraphConsumer#stopProducing(): activeThreadsOverTime produced 0 samples
2026-07-27 03:15:08,695 INFO o.a.j.r.p.AbstractSampleConsumer: class org.apache.jmeter.report.processor.graph.impl.TimeVSThreadGraphConsumer#stopProducing(): timeVsThreads produced 0 samples
2026-07-27 03:15:08,698 INFO o.a.j.r.p.AbstractSampleConsumer: class org.apache.jmeter.report.processor.graph.impl.ResponseTimeDistributionGraphConsumer#stopProducing(): responseTimeDistribution produced 0 samples
2026-07-27 03:15:08,699 INFO o.a.j.r.p.AbstractSampleConsumer: class org.apache.jmeter.report.processor.graph.impl.TransactionsPerSecondGraphConsumer#stopProducing(): transactionsPerSecond produced 0 samples
2026-07-27 03:15:08,699 INFO o.a.j.r.p.AbstractSampleConsumer: class org.apache.jmeter.report.processor.graph.impl.ResponseTimePercentilesGraphConsumer#stopProducing(): responseTimePercentiles produced 0 samples
2026-07-27 03:15:08,724 INFO o.a.j.r.p.AbstractSampleConsumer: class org.apache.jmeter.report.processor.graph.impl.ResponseTimePercentilesOverTimeGraphConsumer#stopProducing(): responseTimePercentilesOverTime produced 0 samples
2026-07-27 03:15:08,726 INFO o.a.j.r.p.AbstractSampleConsumer: class org.apache.jmeter.report.processor.graph.impl.ResponseTimeOverTimeGraphConsumer#stopProducing(): responseTimesOverTime produced 0 samples
2026-07-27 03:15:08,727 INFO o.a.j.r.p.AbstractSampleConsumer: class org.apache.jmeter.report.processor.graph.impl.ConnectTimeOverTimeGraphConsumer#stopProducing(): connectTimeOverTime produced 0 samples
2026-07-27 03:15:08,727 INFO o.a.j.r.p.AbstractSampleConsumer: class org.apache.jmeter.report.processor.graph.impl.LatencyOverTimeGraphConsumer#stopProducing(): latenciesOverTime produced 0 samples
2026-07-27 03:15:08,727 INFO o.a.j.r.p.AbstractSampleConsumer: class org.apache.jmeter.report.processor.FilterConsumer#stopProducing(): nameFilter produced 506280 samples
2026-07-27 03:15:08,727 INFO o.a.j.r.p.AbstractSampleConsumer: class org.apache.jmeter.report.processor.FilterConsumer#stopProducing(): dateRangeFilter produced 101256 samples
2026-07-27 03:15:08,727 INFO o.a.j.r.p.AbstractSampleConsumer: class org.apache.jmeter.report.processor.NormalizerSampleConsumer#stopProducing(): normalizer produced 33752 samples
2026-07-27 03:15:08,728 INFO o.a.j.r.p.CsvFileSampleSource: produce(): 33752 samples produced in 1s 525 ms on channel 0
2026-07-27 03:15:08,728 INFO o.a.j.r.d.ReportGenerator: Exporting data using exporter:'json' of className:'org.apache.jmeter.report.dashboard.JsonExporter'
2026-07-27 03:15:08,790 INFO o.a.j.r.d.JsonExporter: Found data for consumer statisticsSummary in context
2026-07-27 03:15:08,790 INFO o.a.j.r.d.JsonExporter: Creating statistics for overall
2026-07-27 03:15:08,790 INFO o.a.j.r.d.JsonExporter: Creating statistics for other transactions
2026-07-27 03:15:08,791 INFO o.a.j.r.d.JsonExporter: Checking output folder
2026-07-27 03:15:08,791 INFO o.a.j.r.d.JsonExporter: Writing statistics JSON to /home/mikejohnp/Projects/FinalGraduateProject/dev/FinalGraduateBackend/bench/results/stress_20260727_100023/step_150_users/html_report/statistics.json
2026-07-27 03:15:08,818 INFO o.a.j.r.d.ReportGenerator: Exporting data using exporter:'html' of className:'org.apache.jmeter.report.dashboard.HtmlTemplateExporter'
2026-07-27 03:15:08,820 INFO o.a.j.r.d.HtmlTemplateExporter: Will generate dashboard in folder: /home/mikejohnp/Projects/FinalGraduateProject/dev/FinalGraduateBackend/bench/results/stress_20260727_100023/step_150_users/html_report
2026-07-27 03:15:08,954 INFO o.a.j.r.d.HtmlTemplateExporter: Report will be generated in: /home/mikejohnp/Projects/FinalGraduateProject/dev/FinalGraduateBackend/bench/results/stress_20260727_100023/step_150_users/html_report, creating folder structure
2026-07-27 03:15:08,956 INFO o.a.j.r.d.TemplateVisitor: Copying folder from '/nix/store/05m5vzh72sdrv5ibdp64ybjnl6h1459j-jmeter-5.6.3/bin/report-template' to '/home/mikejohnp/Projects/FinalGraduateProject/dev/FinalGraduateBackend/bench/results/stress_20260727_100023/step_150_users/html_report', got message: /home/mikejohnp/Projects/FinalGraduateProject/dev/FinalGraduateBackend/bench/results/stress_20260727_100023/step_150_users/html_report, found non empty folder with following content [/home/mikejohnp/Projects/FinalGraduateProject/dev/FinalGraduateBackend/bench/results/stress_20260727_100023/step_150_users/html_report/statistics.json], will be ignored
2026-07-27 03:15:09,117 INFO o.a.j.JMeter: Dashboard generated
